require_relative "../spec_helper"

describe "hello" do
  it "test requests" do
    get "/"
    _(last_response.status).must_equal 200
    _(last_response.body).must_include "Hello world"
  end
  
  it "test models" do
    # run "RACK_ENV=test bin/roda db migrate" to make this spec pass
    Account.create(email: "foo@bar.com")

    _(Account.count).must_equal 1
  end
end
